// Jest Snapshot v1, https://goo.gl/fbAQLP

exports[`should render ExpenseDashboardPage 1`] = `
<div>
  <Connect(BlogListFilters) />
  <Connect(BlogList) />
</div>
`;
