// Jest Snapshot v1, https://goo.gl/fbAQLP

exports[`should render HomePage correctly 1`] = `
<div>
  <Connect(BlogListFilters) />
  <Connect(BlogListPublic) />
</div>
`;
