// Jest Snapshot v1, https://goo.gl/fbAQLP

exports[`should render LoginPage correctly 1`] = `
<div
  className="box-layout"
>
  <div
    className="box-layout__box"
  >
    <h1
      className="box-layout__title"
    >
      TJH Blog
    </h1>
    <p>
      A React based blog site.
    </p>
    <button
      className="button"
    >
      Login with Google
    </button>
    <Link
      replace={false}
      to="/"
    >
      <p
        className="button"
      >
        Back to blogs
      </p>
    </Link>
  </div>
</div>
`;
